usage: train.py [-h] [--data_path DATA_PATH] [--sub_sets SUB_SETS]
                [--sub_sets_weights SUB_SETS_WEIGHTS]
                [--vision_model_name_or_path VISION_MODEL_NAME_OR_PATH]
                [--text_model_name_or_path TEXT_MODEL_NAME_OR_PATH]
                [--stage_1_checkpoint_path STAGE_1_CHECKPOINT_PATH]
                [--freeze_text_model] [--no_freeze_text_model] [--use_lora]
                [--no_use_lora] [--lora_r LORA_R] [--lora_alpha LORA_ALPHA]
                [--lora_dropout LORA_DROPOUT]
                [--lora_target_modules LORA_TARGET_MODULES]
                [--pixel_shuffle_factor PIXEL_SHUFFLE_FACTOR]
                [--enable_dynamic_tiling] [--output_dir OUTPUT_DIR]
                [--per_device_train_batch_size PER_DEVICE_TRAIN_BATCH_SIZE]
                [--gradient_accumulation_steps GRADIENT_ACCUMULATION_STEPS]
                [--max_steps MAX_STEPS] [--max_samples MAX_SAMPLES]
                [--num_proc NUM_PROC]
                [--dataloader_num_workers DATALOADER_NUM_WORKERS]
                [--learning_rate LEARNING_RATE] [--torch_compile] [--no_liger]
                [--use_tilegym] [--no_fused_ce] [--no_gradient_checkpointing]
                [--no_callbacks] [--use_packing] [--seq_length SEQ_LENGTH]
                [--bf16] [--no_bf16] [--fp16] [--logging_steps LOGGING_STEPS]
                [--save_steps SAVE_STEPS]
                [--save_total_limit SAVE_TOTAL_LIMIT]
                [--eval_steps EVAL_STEPS]
                [--max_eval_samples MAX_EVAL_SAMPLES]
                [--gen_samples GEN_SAMPLES] [--gen_steps GEN_STEPS]
                [--gen_max_new_tokens GEN_MAX_NEW_TOKENS]
                [--gen_temperature GEN_TEMPERATURE]
                [--gen_num_beams GEN_NUM_BEAMS] [--seed SEED]
                [--use_distributed] [--no_distributed] [--push_to_hub]
                [--hub_model_id HUB_MODEL_ID] [--profile]
                [--profile_steps PROFILE_STEPS]
                [--profile_warmup_steps PROFILE_WARMUP_STEPS]
train.py: error: unrecognized arguments: --use_fused_ce
[W522 15:22:59.778939378 AllocatorConfig.cpp:28] Warning: PYTORCH_CUDA_ALLOC_CONF is deprecated, use PYTORCH_ALLOC_CONF instead (function operator())
